node.exe : FAIL src/App.test.js
At line:1 char:1
+ & "C:\Program Files\nodejs/node.exe" "C:\Program Files\nodejs/node_mo ...
+ ~~~~~~~~~~~~~~~~~~~~~~~~~~~~~~~~~~~~~~~~~~~~~~~~~~~~~~~~~~~~~~~~~~~~~
    + CategoryInfo          : NotSpecified: (FAIL src/App.test.js:String) [], RemoteException
    + FullyQualifiedErrorId : NativeCommandError
 
  ΓùÅ Test suite failed to run

    Cannot find module '@testing-library/dom' from 'node_modules/@testing-library/react/dist/pure.js'

    Require stack:
      node_modules/@testing-library/react/dist/pure.js
      node_modules/@testing-library/react/dist/index.js
      src/App.test.js

    [0m [90m 1 |[39m [36mimport[39m [33mReact[39m [36mfrom[39m [32m'react'[39m[33m;[39m
    [31m[1m>[22m[39m[90m 2 |[39m [36mimport[39m { render[33m,[39m screen[33m,[39m act } [36mfrom[39m [32m'@testing-library/react'[39m[33m;[39m
     [90m   |[39m [31m[1m^[22m[39m
     [90m 3 |[39m [36mimport[39m { [33mHelmetProvider[39m } [36mfrom[39m [32m'react-helmet-async'[39m[33m;[39m
     [90m 4 |[39m [36mimport[39m { [33mGlobalProvider[39m } [36mfrom[39m [32m'./context/GlobalContext'[39m[33m;[39m
     [90m 5 |[39m [36mimport[39m [33mApp[39m [36mfrom[39m [32m'./App'[39m[33m;[39m[0m

      at Resolver.resolveModule (node_modules/jest-resolve/build/resolver.js:324:11)
      at Object.<anonymous> (node_modules/@testing-library/react/dist/pure.js:46:12)
      at Object.<anonymous> (node_modules/@testing-library/react/dist/index.js:7:13)
      at Object.<anonymous> (src/App.test.js:2:1)

FAIL src/components/common/SEO.test.js
  ΓùÅ Test suite failed to run

    Cannot find module '@testing-library/dom' from 'node_modules/@testing-library/react/dist/pure.js'

    Require stack:
      node_modules/@testing-library/react/dist/pure.js
      node_modules/@testing-library/react/dist/index.js
      src/components/common/SEO.test.js

    [0m [90m 1 |[39m [36mimport[39m [33mReact[39m [36mfrom[39m [32m'react'[39m[33m;[39m
    [31m[1m>[22m[39m[90m 2 |[39m [36mimport[39m { render[33m,[39m waitFor } [36mfrom[39m [32m'@testing-library/react'[39m[33m;[39m
     [90m   |[39m [31m[1m^[22m[39m
     [90m 3 |[39m [36mimport[39m { [33mHelmetProvider[39m } [36mfrom[39m [32m'react-helmet-async'[39m[33m;[39m
     [90m 4 |[39m [36mimport[39m [33mSEO[39m [36mfrom[39m [32m'./SEO'[39m[33m;[39m
     [90m 5 |[39m[0m

      at Resolver.resolveModule (node_modules/jest-resolve/build/resolver.js:324:11)
      at Object.<anonymous> (node_modules/@testing-library/react/dist/pure.js:46:12)
      at Object.<anonymous> (node_modules/@testing-library/react/dist/index.js:7:13)
      at Object.<anonymous> (src/components/common/SEO.test.js:2:1)

FAIL src/components/common/WatchLiveButton.test.js
  ΓùÅ Test suite failed to run

    Cannot find module '@testing-library/dom' from 'node_modules/@testing-library/react/dist/pure.js'

    Require stack:
      node_modules/@testing-library/react/dist/pure.js
      node_modules/@testing-library/react/dist/index.js
      src/components/common/WatchLiveButton.test.js

    [0m [90m 1 |[39m [36mimport[39m [33mReact[39m [36mfrom[39m [32m'react'[39m[33m;[39m
    [31m[1m>[22m[39m[90m 2 |[39m [36mimport[39m { render[33m,[39m screen[33m,[39m fireEvent } [36mfrom[39m [32m'@testing-library/react'[39m[33m;[39m
     [90m   |[39m [31m[1m^[22m[39m
     [90m 3 |[39m [36mimport[39m [33mWatchLiveButton[39m [36mfrom[39m [32m'./WatchLiveButton'[39m[33m;[39m
     [90m 4 |[39m
     [90m 5 |[39m describe([32m'WatchLiveButton Component'[39m[33m,[39m () [33m=>[39m {[0m

      at Resolver.resolveModule (node_modules/jest-resolve/build/resolver.js:324:11)
      at Object.<anonymous> (node_modules/@testing-library/react/dist/pure.js:46:12)
      at Object.<anonymous> (node_modules/@testing-library/react/dist/index.js:7:13)
      at Object.<anonymous> (src/components/common/WatchLiveButton.test.js:2:1)

Test Suites: 3 failed, 3 total
Tests:       0 total
Snapshots:   0 total
Time:        4.796 s
Ran all test suites.
